src/controllers/academic/assignmentController.ts(656,9): error TS18047: 'existingSubmissionResult.rowCount' is possibly 'null'.
src/controllers/academic/marksController.ts(517,15): error TS2339: Property 'rank' does not exist on type '{ studentId: any; studentName: string; admissionNumber: any; subjects: { subjectId: any; subjectName: any; marksObtained: any; maxMarks: any; percentage: any; grade: any; gpa: any; isAbsent: any; remarks: any; }[]; ... 5 more ...; passed: boolean; }'.
src/controllers/auth/authController.ts(135,34): error TS18046: 'error' is of type 'unknown'.
src/controllers/auth/authController.ts(136,37): error TS18046: 'error' is of type 'unknown'.
src/core/repository/BaseRepository.ts(1,17): error TS2614: Module '"../../config/database.js"' has no exported member 'QueryResult'. Did you mean to use 'import QueryResult from "../../config/database.js"' instead?
src/core/tenant/tenant.middleware.ts(2,23): error TS2307: Cannot find module '../config/database.js' or its corresponding type declarations.
src/core/tenant/tenant.middleware.ts(3,27): error TS2307: Cannot find module '../utils/response.js' or its corresponding type declarations.
src/routes/finance.ts(23,17): error TS2345: Argument of type 'string[]' is not assignable to parameter of type 'string'.
src/routes/finance.ts(29,17): error TS2345: Argument of type 'string[]' is not assignable to parameter of type 'string'.
src/routes/finance.ts(35,17): error TS2345: Argument of type 'string[]' is not assignable to parameter of type 'string'.
src/routes/finance.ts(49,17): error TS2345: Argument of type 'string[]' is not assignable to parameter of type 'string'.
src/routes/finance.ts(55,17): error TS2345: Argument of type 'string[]' is not assignable to parameter of type 'string'.
src/routes/finance.ts(61,17): error TS2345: Argument of type 'string[]' is not assignable to parameter of type 'string'.
src/routes/finance.ts(80,17): error TS2345: Argument of type 'string[]' is not assignable to parameter of type 'string'.
src/routes/finance.ts(86,17): error TS2345: Argument of type 'string[]' is not assignable to parameter of type 'string'.
src/routes/finance.ts(92,17): error TS2345: Argument of type 'string[]' is not assignable to parameter of type 'string'.
src/scripts/runMigration.ts(1,10): error TS2614: Module '"../config/database"' has no exported member 'pool'. Did you mean to use 'import pool from "../config/database"' instead?
src/types/index.ts(124,3): error TS2687: All declarations of 'grade' must have identical modifiers.
src/types/index.ts(253,3): error TS2687: All declarations of 'grade' must have identical modifiers.
src/types/index.ts(253,3): error TS2717: Subsequent property declarations must have the same type.  Property 'grade' must be of type 'string | undefined', but here has type 'string'.
src/utils/auth.ts(9,14): error TS2769: No overload matches this call.
  Overload 1 of 5, '(payload: string | object | Buffer<ArrayBufferLike>, secretOrPrivateKey: null, options?: (SignOptions & { algorithm: "none"; }) | undefined): string', gave the following error.
    Argument of type 'string' is not assignable to parameter of type 'null'.
  Overload 2 of 5, '(payload: string | object | Buffer<ArrayBufferLike>, secretOrPrivateKey: Buffer<ArrayBufferLike> | Secret | PrivateKeyInput | JsonWebKeyInput, options?: SignOptions | undefined): string', gave the following error.
    Type 'string' is not assignable to type 'number | StringValue | undefined'.
  Overload 3 of 5, '(payload: string | object | Buffer<ArrayBufferLike>, secretOrPrivateKey: Buffer<ArrayBufferLike> | Secret | PrivateKeyInput | JsonWebKeyInput, callback: SignCallback): void', gave the following error.
    Object literal may only specify known properties, and 'expiresIn' does not exist in type 'SignCallback'.
